Microchip MPLAB XC8 Compiler V2.45

Linker command line:

-W-3 \
  --edf=C:\Program Files\Microchip\xc8\v2.45\pic\dat\20230818022343_en.msgs \
  -cn -h+dist/default/debug\1stApp.debug.sym \
  --cmf=dist/default/debug\1stApp.debug.cmf -z -w9 --disl=596:off -Q18F4620 \
  -oC:\Users\ahmed\AppData\Local\Temp\xcAsf2k.\driver_tmp_3.o \
  --defsym=__MPLAB_BUILD=1 -Mdist/default/debug/1stApp.debug.map \
  --md=C:\Users\ahmed\AppData\Local\Temp\xcAsf2k.\driver_tmp_0.dat -E1 \
  -ver=XC8 Compiler --acfsm=1493 -ACODE=00h-0FFFFh -ACONST=00h-0FFFFh \
  -ASMALLCONST=01000h-010FFhx240 -AMEDIUMCONST=01000h-0FFFFh \
  -ACOMRAM=01h-07Fh -AABS1=00h-0F7Fh -ABIGRAM=01h-0F7Fh \
  -ARAM=080h-0FFh,0100h-01FFhx14,0F00h-0F7Fh -ABANK0=080h-0FFh \
  -ABANK1=0100h-01FFh -ABANK2=0200h-02FFh -ABANK3=0300h-03FFh \
  -ABANK4=0400h-04FFh -ABANK5=0500h-05FFh -ABANK6=0600h-06FFh \
  -ABANK7=0700h-07FFh -ABANK8=0800h-08FFh -ABANK9=0900h-09FFh \
  -ABANK10=0A00h-0AFFh -ABANK11=0B00h-0BFFh -ABANK12=0C00h-0CFFh \
  -ABANK13=0D00h-0DFFh -ABANK14=0E00h-0EFFh -ABANK15=0F00h-0F7Fh \
  -ASFR=0F80h-0FFFh -ABIGSFR=0F80h-0FFFh -ACONFIG=0300000h-030000Dh \
  -AIDLOC=0200000h-0200007h -AEEDATA=0F00000h-0F003FFh -peeprom_data=EEDATA \
  -preset_vec=00h,intcode,intcodelo,powerup,init -pramtop=01000h \
  -psmallconst=SMALLCONST -pmediumconst=MEDIUMCONST -pconst=CONST \
  -AFARRAM=00h-00h \
  -prdata=COMRAM,nvrram=COMRAM,nvbit=COMRAM,rbss=COMRAM,rbit=COMRAM \
  -pfarbss=FARRAM,fardata=FARRAM,nvFARRAM=FARRAM \
  -pintsave_regs=BIGRAM,bigbss=BIGRAM,bigdata=BIGRAM -pbss=RAM \
  -pidata=CODE,irdata=CODE,ibigdata=CODE,ifardata=CODE \
  C:\Users\ahmed\AppData\Local\Temp\xcAsf2k.\driver_tmp_14.o \
  dist/default/debug\1stApp.debug.o 

Object code version is 3.11

Machine type is 18F4620



                Name                               Link     Load   Length Selector   Space Scale
C:\Users\ahmed\AppData\Local\Temp\xcAsf2k.\driver_tmp_14.o
                idloc                            200000   200000        8        0       5
                config                           300000   300000        E        0       4
                init                                  0        0        4        0       0
dist/default/debug\1stApp.debug.o
                idloc                            200000   200000        8        0       5
                config                           300000   300000        E        0       4
                smallconst                         1000     1000       30      800       0
                text53                             4B82     4B82        6      818       0
                text52                             38FE     38FE      12C      818       0
                text51                             4AB4     4AB4       34      818       0
                text50                             45A2     45A2       68      818       0
                text49                             44C4     44C4       72      818       0
                text48                             4452     4452       72      818       0
                text47                             41C6     41C6       A8      818       0
                text46                             4314     4314       A0      818       0
                text45                             43B4     43B4       9E      818       0
                text44                             3494     3494      1B4      818       0
                text43                             49A6     49A6       38      818       0
                text42                             2756     2756      39A      818       0
                text41                             232C     232C      42A      818       0
                text40                             19F0     19F0      4C0      818       0
                text39                             47BE     47BE       46      818       0
                text38                             37C2     37C2      13C      818       0
                text37                             4B6E     4B6E       14      818       0
                text36                             496E     496E       38      818       0
                text35                             4A4A     4A4A       36      818       0
                text34                             2AF0     2AF0      33E      818       0
                text33                             4B5A     4B5A       14      818       0
                text32                             4B34     4B34       26      818       0
                text31                             4536     4536       6C      818       0
                text30                             4B0E     4B0E       26      818       0
                text29                             32C4     32C4      1D0      818       0
                text28                             3FB8     3FB8       B4      818       0
                text27                             3A2A     3A2A      108      818       0
                text26                             4778     4778       46      818       0
                text25                             4936     4936       38      818       0
                text24                             3E3A     3E3A       C4      818       0
                text23                             406C     406C       B0      818       0
                text22                             4A80     4A80       34      818       0
                text21                             4B88     4B88        2      818       0
                text20                             3EFE     3EFE       BA      818       0
                text19                             4884     4884       40      818       0
                text18                             460A     460A       66      818       0
                text17                             3648     3648      17A      818       0
                text16                             411C     411C       AA      818       0
                text15                             3C38     3C38      104      818       0
                text14                             48FE     48FE       38      818       0
                text13                             3B32     3B32      106      818       0
                text12                             3D3C     3D3C       FE      818       0
                text11                             30B2     30B2      212      818       0
                text10                             46D2     46D2       56      818       0
                text9                              4728     4728       50      818       0
                text8                              48C4     48C4       3A      818       0
                text7                              1030     1030      9C0      818       0
                text6                              4AE8     4AE8       26      818       0
                text5                              426E     426E       A6      818       0
                text4                              2E2E     2E2E      284      818       0
                text3                              4844     4844       40      818       0
                text2                              4804     4804       40      818       0
                text1                              4A14     4A14       36      818       0
                text0                              1EB0     1EB0      47C      818       0
                cstackCOMRAM                          1        1       7E        1       1
                cstackBANK0                          80       80       6C       80       1
                bssBANK2                            200      200       C8      200       1
                dataBANK1                           16F      16F       36      100       1
                bssBANK1                            100      100       6F      100       1
                dataBANK0                            FF       FF        1       80       1
                bssBANK0                             EC       EC       13       80       1
                bssCOMRAM                            7F       7F        1        1       1
                cinit                              4670     4670       62      818       0
                idataBANK1                         49DE     49DE       36      818       0
                idataBANK0                         4B8A     4B8A        1      818       0

TOTAL           Name                               Link     Load   Length     Space
        CLASS   CODE           
                init                                  0        0        4         0
                text53                             4B82     4B82        6         0
                text52                             38FE     38FE      12C         0
                text51                             4AB4     4AB4       34         0
                text50                             45A2     45A2       68         0
                text49                             44C4     44C4       72         0
                text48                             4452     4452       72         0
                text47                             41C6     41C6       A8         0
                text46                             4314     4314       A0         0
                text45                             43B4     43B4       9E         0
                text44                             3494     3494      1B4         0
                text43                             49A6     49A6       38         0
                text42                             2756     2756      39A         0
                text41                             232C     232C      42A         0
                text40                             19F0     19F0      4C0         0
                text39                             47BE     47BE       46         0
                text38                             37C2     37C2      13C         0
                text37                             4B6E     4B6E       14         0
                text36                             496E     496E       38         0
                text35                             4A4A     4A4A       36         0
                text34                             2AF0     2AF0      33E         0
                text33                             4B5A     4B5A       14         0
                text32                             4B34     4B34       26         0
                text31                             4536     4536       6C         0
                text30                             4B0E     4B0E       26         0
                text29                             32C4     32C4      1D0         0
                text28                             3FB8     3FB8       B4         0
                text27                             3A2A     3A2A      108         0
                text26                             4778     4778       46         0
                text25                             4936     4936       38         0
                text24                             3E3A     3E3A       C4         0
                text23                             406C     406C       B0         0
                text22                             4A80     4A80       34         0
                text21                             4B88     4B88        2         0
                text20                             3EFE     3EFE       BA         0
                text19                             4884     4884       40         0
                text18                             460A     460A       66         0
                text17                             3648     3648      17A         0
                text16                             411C     411C       AA         0
                text15                             3C38     3C38      104         0
                text14                             48FE     48FE       38         0
                text13                             3B32     3B32      106         0
                text12                             3D3C     3D3C       FE         0
                text11                             30B2     30B2      212         0
                text10                             46D2     46D2       56         0
                text9                              4728     4728       50         0
                text8                              48C4     48C4       3A         0
                text7                              1030     1030      9C0         0
                text6                              4AE8     4AE8       26         0
                text5                              426E     426E       A6         0
                text4                              2E2E     2E2E      284         0
                text3                              4844     4844       40         0
                text2                              4804     4804       40         0
                text1                              4A14     4A14       36         0
                text0                              1EB0     1EB0      47C         0
                cinit                              4670     4670       62         0
                idataBANK1                         49DE     49DE       36         0
                idataBANK0                         4B8A     4B8A        1         0

        CLASS   CONST          

        CLASS   SMALLCONST     
                smallconst                         1000     1000       30         0

        CLASS   MEDIUMCONST    

        CLASS   COMRAM         
                cstackCOMRAM                          1        1       7E         1
                bssCOMRAM                            7F       7F        1         1

        CLASS   ABS1           

        CLASS   BIGRAM         

        CLASS   RAM            

        CLASS   BANK0          
                cstackBANK0                          80       80       6C         1
                dataBANK0                            FF       FF        1         1
                bssBANK0                             EC       EC       13         1

        CLASS   BANK1          
                dataBANK1                           16F      16F       36         1
                bssBANK1                            100      100       6F         1

        CLASS   BANK2          
                bssBANK2                            200      200       C8         1

        CLASS   BANK3          

        CLASS   BANK4          

        CLASS   BANK5          

        CLASS   BANK6          

        CLASS   BANK7          

        CLASS   BANK8          

        CLASS   BANK9          

        CLASS   BANK10         

        CLASS   BANK11         

        CLASS   BANK12         

        CLASS   BANK13         

        CLASS   BANK14         

        CLASS   BANK15         

        CLASS   SFR            

        CLASS   BIGSFR         

        CLASS   CONFIG         
                config                           300000   300000        E         4

        CLASS   IDLOC          
                idloc                            200000   200000        8         5

        CLASS   EEDATA         

        CLASS   FARRAM         

        CLASS   HEAP           

        CLASS   STACK          



SEGMENTS        Name                           Load    Length   Top    Selector   Space  Class

                reset_vec                      000000  000004  000004         0       0  CODE    
                cstackCOMRAM                   000001  00007F  000080         1       1  COMRAM  
                cstackBANK0                    000080  000080  000100        80       1  BANK0   
                bssBANK1                       000100  0000A5  0001A5       100       1  BANK1   
                bssBANK2                       000200  0000C8  0002C8       200       1  BANK2   
                smallconst                     001000  000030  001030       800       0  SMALLCON
                text7                          001030  003B5B  004B8B       818       0  CODE    


UNUSED ADDRESS RANGES

        Name                Unused          Largest block    Delta
        BANK1            0001A5-0001FF               5B
        BANK10           000A00-000AFF              100
        BANK11           000B00-000BFF              100
        BANK12           000C00-000CFF              100
        BANK13           000D00-000DFF              100
        BANK14           000E00-000EFF              100
        BANK15           000F00-000F7F               80
        BANK2            0002C8-0002FF               38
        BANK3            000300-0003FF              100
        BANK4            000400-0004FF              100
        BANK5            000500-0005FF              100
        BANK6            000600-0006FF              100
        BANK7            000700-0007FF              100
        BANK8            000800-0008FF              100
        BANK9            000900-0009FF              100
        BIGRAM           0001A5-0001FF               5B
                         0002C8-000F7F              CB8
        BIGSFR           000F80-000FFF               80
        CODE             000004-000FFF              FFC
                         004B8B-00FFFF             B475
        CONST            000004-000FFF              FFC
                         004B8B-00FFFF             B475
        EEDATA           F00000-F003FF              400
        MEDIUMCONST      004B8B-00FFFF             B475
        RAM              0001A5-0001FF               5B
                         0002C8-000F7F              100
        SFR              000F80-000FFF               80
        SMALLCONST       004B8B-00FFFF              100

                                  Symbol Table

?___awdiv                            cstackCOMRAM 000001
?___awmod                            cstackCOMRAM 000001
?___fladd                            cstackCOMRAM 000028
?___fldiv                            cstackCOMRAM 000001
?___flmul                            cstackCOMRAM 00000F
?___flneg                            cstackCOMRAM 000001
?___flsub                            cstackCOMRAM 000038
?___fltol                            cstackCOMRAM 000001
?___fpclassifyf                      cstackCOMRAM 000001
?___wmul                             cstackCOMRAM 000001
?___xxtofl                           cstackCOMRAM 000001
?_abs                                cstackCOMRAM 000007
?_check_digit                        cstackCOMRAM 000001
?_doMath                             cstackCOMRAM 000040
?_floorf                             cstackCOMRAM 00001A
?_labs                               cstackCOMRAM 000001
?_pop_t                              cstackCOMRAM 000001
?_precedence                         cstackCOMRAM 000001
?_read_prec_or_width                 cstackCOMRAM 000007
?_sprintf                            cstackBANK0  000084
?_strlen                             cstackCOMRAM 000001
?_vfprintf                           cstackBANK0  000080
_LATA                                (abs)        000F89
_LATB                                (abs)        000F8A
_LATC                                (abs)        000F8B
_LATD                                (abs)        000F8C
_LATE                                (abs)        000F8D
_PORTA                               (abs)        000F80
_PORTB                               (abs)        000F81
_PORTC                               (abs)        000F82
_PORTD                               (abs)        000F83
_PORTE                               (abs)        000F84
_TRISA                               (abs)        000F92
_TRISB                               (abs)        000F93
_TRISC                               (abs)        000F94
_TRISD                               (abs)        000F95
_TRISE                               (abs)        000F96
__HRAM                               (abs)        000000
__H__absolute__                      __absolute__ 000000
__Habs1                              abs1         000000
__Hbank0                             bank0        000000
__Hbank1                             bank1        000000
__Hbank10                            bank10       000000
__Hbank11                            bank11       000000
__Hbank12                            bank12       000000
__Hbank13                            bank13       000000
__Hbank14                            bank14       000000
__Hbank15                            bank15       000000
__Hbank2                             bank2        000000
__Hbank3                             bank3        000000
__Hbank4                             bank4        000000
__Hbank5                             bank5        000000
__Hbank6                             bank6        000000
__Hbank7                             bank7        000000
__Hbank8                             bank8        000000
__Hbank9                             bank9        000000
__Hbigbss                            bigbss       000000
__Hbigdata                           bigdata      000000
__Hbigram                            bigram       000000
__Hbigsfr                            bigsfr       000000
__Hbss                               bss          000000
__HbssBANK0                          bssBANK0     000000
__HbssBANK1                          bssBANK1     000000
__HbssBANK2                          bssBANK2     000000
__HbssCOMRAM                         bssCOMRAM    000000
__Hcinit                             cinit        000000
__Hclrtext                           clrtext      000000
__Hcomram                            comram       000000
__Hconfig                            config       30000E
__Hconst                             const        000000
__HcstackBANK0                       cstackBANK0  000000
__HcstackCOMRAM                      cstackCOMRAM 000000
__Hdata                              data         000000
__HdataBANK0                         dataBANK0    000000
__HdataBANK1                         dataBANK1    000000
__Heeprom_data                       eeprom_data  000000
__Hfarbss                            farbss       000000
__Hfardata                           fardata      000000
__Hheap                              heap         000000
__Hibigdata                          ibigdata     000000
__Hidata                             idata        000000
__HidataBANK0                        idataBANK0   000000
__HidataBANK1                        idataBANK1   000000
__Hidloc                             idloc        200008
__Hifardata                          ifardata     000000
__Hinit                              init         000004
__Hintcode                           intcode      000000
__Hintcode_body                      intcode_body 000000
__Hintcodelo                         intcodelo    000000
__Hintentry                          intentry     000000
__Hintret                            intret       000000
__Hintsave_regs                      intsave_regs 000000
__Hirdata                            irdata       000000
__Hmediumconst                       mediumconst  000000
__HnvFARRAM                          nvFARRAM     000000
__Hnvbit                             nvbit        000000
__Hnvrram                            nvrram       000000
__Hparam                             rparam       000000
__Hpowerup                           powerup      000000
__Hram                               ram          000000
__Hramtop                            ramtop       001000
__Hrbit                              rbit         000000
__Hrbss                              rbss         000000
__Hrdata                             rdata        000000
__Hreset_vec                         reset_vec    000000
__Hrparam                            rparam       000000
__Hsfr                               sfr          000000
__Hsmallconst                        smallconst   001030
__Hspace_0                           (abs)        004B8B
__Hspace_1                           (abs)        0002C8
__Hspace_2                           (abs)        000000
__Hspace_4                           (abs)        60000E
__Hstack                             stack        000000
__Hstruct                            struct       000000
__Htemp                              temp         000000
__Htext                              text         000000
__Htext0                             text0        000000
__Htext1                             text1        000000
__Htext10                            text10       000000
__Htext11                            text11       000000
__Htext12                            text12       000000
__Htext13                            text13       000000
__Htext14                            text14       000000
__Htext15                            text15       000000
__Htext16                            text16       000000
__Htext17                            text17       000000
__Htext18                            text18       000000
__Htext19                            text19       000000
__Htext2                             text2        000000
__Htext20                            text20       000000
__Htext21                            text21       000000
__Htext22                            text22       000000
__Htext23                            text23       000000
__Htext24                            text24       000000
__Htext25                            text25       000000
__Htext26                            text26       000000
__Htext27                            text27       000000
__Htext28                            text28       000000
__Htext29                            text29       000000
__Htext3                             text3        000000
__Htext30                            text30       000000
__Htext31                            text31       000000
__Htext32                            text32       000000
__Htext33                            text33       000000
__Htext34                            text34       000000
__Htext35                            text35       000000
__Htext36                            text36       000000
__Htext37                            text37       000000
__Htext38                            text38       000000
__Htext39                            text39       000000
__Htext4                             text4        000000
__Htext40                            text40       000000
__Htext41                            text41       000000
__Htext42                            text42       000000
__Htext43                            text43       000000
__Htext44                            text44       000000
__Htext45                            text45       000000
__Htext46                            text46       000000
__Htext47                            text47       000000
__Htext48                            text48       000000
__Htext49                            text49       000000
__Htext5                             text5        000000
__Htext50                            text50       000000
__Htext51                            text51       000000
__Htext52                            text52       000000
__Htext53                            text53       000000
__Htext6                             text6        000000
__Htext7                             text7        000000
__Htext8                             text8        000000
__Htext9                             text9        000000
__LRAM                               (abs)        000001
__L__absolute__                      __absolute__ 000000
__Labs1                              abs1         000000
__Lbank0                             bank0        000000
__Lbank1                             bank1        000000
__Lbank10                            bank10       000000
__Lbank11                            bank11       000000
__Lbank12                            bank12       000000
__Lbank13                            bank13       000000
__Lbank14                            bank14       000000
__Lbank15                            bank15       000000
__Lbank2                             bank2        000000
__Lbank3                             bank3        000000
__Lbank4                             bank4        000000
__Lbank5                             bank5        000000
__Lbank6                             bank6        000000
__Lbank7                             bank7        000000
__Lbank8                             bank8        000000
__Lbank9                             bank9        000000
__Lbigbss                            bigbss       000000
__Lbigdata                           bigdata      000000
__Lbigram                            bigram       000000
__Lbigsfr                            bigsfr       000000
__Lbss                               bss          000000
__LbssBANK0                          bssBANK0     000000
__LbssBANK1                          bssBANK1     000000
__LbssBANK2                          bssBANK2     000000
__LbssCOMRAM                         bssCOMRAM    000000
__Lcinit                             cinit        000000
__Lclrtext                           clrtext      000000
__Lcomram                            comram       000000
__Lconfig                            config       000000
__Lconst                             const        000000
__LcstackBANK0                       cstackBANK0  000000
__LcstackCOMRAM                      cstackCOMRAM 000000
__Ldata                              data         000000
__LdataBANK0                         dataBANK0    000000
__LdataBANK1                         dataBANK1    000000
__Leeprom_data                       eeprom_data  000000
__Lfarbss                            farbss       000000
__Lfardata                           fardata      000000
__Lheap                              heap         000000
__Libigdata                          ibigdata     000000
__Lidata                             idata        000000
__LidataBANK0                        idataBANK0   000000
__LidataBANK1                        idataBANK1   000000
__Lidloc                             idloc        000000
__Lifardata                          ifardata     000000
__Linit                              init         000000
__Lintcode                           intcode      000000
__Lintcode_body                      intcode_body 000000
__Lintcodelo                         intcodelo    000000
__Lintentry                          intentry     000000
__Lintret                            intret       000000
__Lintsave_regs                      intsave_regs 000000
__Lirdata                            irdata       000000
__Lmediumconst                       mediumconst  000000
__LnvFARRAM                          nvFARRAM     000000
__Lnvbit                             nvbit        000000
__Lnvrram                            nvrram       000000
__Lparam                             rparam       000000
__Lpowerup                           powerup      000000
__Lram                               ram          000000
__Lramtop                            ramtop       001000
__Lrbit                              rbit         000000
__Lrbss                              rbss         000000
__Lrdata                             rdata        000000
__Lreset_vec                         reset_vec    000000
__Lrparam                            rparam       000000
__Lsfr                               sfr          000000
__Lsmallconst                        smallconst   001000
__Lspace_0                           (abs)        000000
__Lspace_1                           (abs)        000000
__Lspace_2                           (abs)        000000
__Lspace_4                           (abs)        000000
__Lstack                             stack        000000
__Lstruct                            struct       000000
__Ltemp                              temp         000000
__Ltext                              text         000000
__Ltext0                             text0        000000
__Ltext1                             text1        000000
__Ltext10                            text10       000000
__Ltext11                            text11       000000
__Ltext12                            text12       000000
__Ltext13                            text13       000000
__Ltext14                            text14       000000
__Ltext15                            text15       000000
__Ltext16                            text16       000000
__Ltext17                            text17       000000
__Ltext18                            text18       000000
__Ltext19                            text19       000000
__Ltext2                             text2        000000
__Ltext20                            text20       000000
__Ltext21                            text21       000000
__Ltext22                            text22       000000
__Ltext23                            text23       000000
__Ltext24                            text24       000000
__Ltext25                            text25       000000
__Ltext26                            text26       000000
__Ltext27                            text27       000000
__Ltext28                            text28       000000
__Ltext29                            text29       000000
__Ltext3                             text3        000000
__Ltext30                            text30       000000
__Ltext31                            text31       000000
__Ltext32                            text32       000000
__Ltext33                            text33       000000
__Ltext34                            text34       000000
__Ltext35                            text35       000000
__Ltext36                            text36       000000
__Ltext37                            text37       000000
__Ltext38                            text38       000000
__Ltext39                            text39       000000
__Ltext4                             text4        000000
__Ltext40                            text40       000000
__Ltext41                            text41       000000
__Ltext42                            text42       000000
__Ltext43                            text43       000000
__Ltext44                            text44       000000
__Ltext45                            text45       000000
__Ltext46                            text46       000000
__Ltext47                            text47       000000
__Ltext48                            text48       000000
__Ltext49                            text49       000000
__Ltext5                             text5        000000
__Ltext50                            text50       000000
__Ltext51                            text51       000000
__Ltext52                            text52       000000
__Ltext53                            text53       000000
__Ltext6                             text6        000000
__Ltext7                             text7        000000
__Ltext8                             text8        000000
__Ltext9                             text9        000000
__S0                                 (abs)        004B8B
__S1                                 (abs)        0002C8
__S4                                 (abs)        000000
__S5                                 (abs)        000000
___awdiv                             text24       003E3A
___awdiv@counter                     cstackCOMRAM 000005
___awdiv@dividend                    cstackCOMRAM 000001
___awdiv@divisor                     cstackCOMRAM 000003
___awdiv@quotient                    cstackCOMRAM 000007
___awdiv@sign                        cstackCOMRAM 000006
___awmod                             text23       00406C
___awmod@counter                     cstackCOMRAM 000005
___awmod@dividend                    cstackCOMRAM 000001
___awmod@divisor                     cstackCOMRAM 000003
___awmod@sign                        cstackCOMRAM 000006
___fladd                             text40       0019F0
___fladd@a                           cstackCOMRAM 00002C
___fladd@aexp                        cstackCOMRAM 000035
___fladd@b                           cstackCOMRAM 000028
___fladd@bexp                        cstackCOMRAM 000036
___fladd@grs                         cstackCOMRAM 000037
___fladd@signs                       cstackCOMRAM 000034
___fldiv                             text42       002756
___fldiv@a                           cstackCOMRAM 000005
___fldiv@aexp                        cstackCOMRAM 000019
___fldiv@b                           cstackCOMRAM 000001
___fldiv@bexp                        cstackCOMRAM 000018
___fldiv@grs                         cstackCOMRAM 000014
___fldiv@new_exp                     cstackCOMRAM 000012
___fldiv@rem                         cstackCOMRAM 00000D
___fldiv@sign                        cstackCOMRAM 000011
___fleq                              text16       00411C
___fleq@ff1                          cstackCOMRAM 000001
___fleq@ff2                          cstackCOMRAM 000005
___flge                              text15       003C38
___flge@ff1                          cstackCOMRAM 000028
___flge@ff2                          cstackCOMRAM 00002C
___flmul                             text41       00232C
___flmul@a                           cstackCOMRAM 000013
___flmul@aexp                        cstackCOMRAM 00001C
___flmul@b                           cstackCOMRAM 00000F
___flmul@bexp                        cstackCOMRAM 000021
___flmul@grs                         cstackCOMRAM 00001D
___flmul@prod                        cstackCOMRAM 000022
___flmul@sign                        cstackCOMRAM 00001B
___flmul@temp                        cstackCOMRAM 000026
___flneg                             text14       0048FE
___flneg@f1                          cstackCOMRAM 000001
___flsub                             text39       0047BE
___flsub@a                           cstackCOMRAM 00003C
___flsub@b                           cstackCOMRAM 000038
___fltol                             text13       003B32
___fltol@exp1                        cstackCOMRAM 00000A
___fltol@f1                          cstackCOMRAM 000001
___fltol@sign1                       cstackCOMRAM 000009
___fpclassifyf                       text12       003D3C
___fpclassifyf@F465                  bssBANK1     000104
___fpclassifyf@e                     cstackCOMRAM 000009
___fpclassifyf@u                     cstackCOMRAM 00000B
___fpclassifyf@x                     cstackCOMRAM 000001
___heap_hi                           (abs)        000000
___heap_lo                           (abs)        000000
___inthi_sp                          stack        000000
___inthi_stack_hi                    stack        000000
___inthi_stack_lo                    stack        000000
___intlo_sp                          stack        000000
___intlo_stack_hi                    stack        000000
___intlo_stack_lo                    stack        000000
___param_bank                        (abs)        000000
___rparam_used                       (abs)        000001
___sp                                stack        000000
___stack_hi                          stack        000000
___stack_lo                          stack        000000
___wmul                              text6        004AE8
___wmul@multiplicand                 cstackCOMRAM 000003
___wmul@multiplier                   cstackCOMRAM 000001
___wmul@product                      cstackCOMRAM 000005
___xxtofl                            text44       003494
___xxtofl@arg                        cstackCOMRAM 00000B
___xxtofl@exp                        cstackCOMRAM 00000A
___xxtofl@sign                       cstackCOMRAM 000009
___xxtofl@val                        cstackCOMRAM 000001
__accesstop                          (abs)        000080
__activetblptr                       (abs)        000002
__end_of___awdiv                     text24       003EFE
__end_of___awmod                     text23       00411C
__end_of___fladd                     text40       001EB0
__end_of___fldiv                     text42       002AF0
__end_of___fleq                      text16       0041C6
__end_of___flge                      text15       003D3C
__end_of___flmul                     text41       002756
__end_of___flneg                     text14       004936
__end_of___flsub                     text39       004804
__end_of___fltol                     text13       003C38
__end_of___fpclassifyf               text12       003E3A
__end_of___wmul                      text6        004B0E
__end_of___xxtofl                    text44       003648
__end_of__initialization             cinit        0046C8
__end_of_abs                         text22       004AB4
__end_of_application_initialize      text53       004B88
__end_of_btn_values                  smallconst   001019
__end_of_calculation_start           text45       004452
__end_of_check_digit                 text43       0049DE
__end_of_doMath                      text38       0038FE
__end_of_dtoa                        text17       0037C2
__end_of_efgtoa                      text7        0019F0
__end_of_evaluatePostfix             text34       002E2E
__end_of_floorf                      text11       0032C4
__end_of_fputc                       text20       003FB8
__end_of_fputs                       text19       0048C4
__end_of_gpio_pin_read_logic         text28       00406C
__end_of_gpio_pin_write_logic        text52       003A2A
__end_of_infixToPostfix              text29       003494
__end_of_initialize                  text33       004B6E
__end_of_initialize_t                text37       004B82
__end_of_keypad_get_value            text27       003B32
__end_of_labs                        text10       004728
__end_of_lcd_4bit_send_char_data     text49       004536
__end_of_lcd_4bit_send_char_data_pos text26       0047BE
__end_of_lcd_4bit_send_command       text48       0044C4
__end_of_lcd_4bit_send_enable_signal text51       004AE8
__end_of_lcd_4bit_send_string_pos    text46       0043B4
__end_of_lcd_4bit_set_cursor         text47       00426E
__end_of_lcd_send_4bits              text50       00460A
__end_of_main                        text0        00232C
__end_of_memcpy                      text9        004778
__end_of_memset                      text25       00496E
__end_of_pad                         text18       004670
__end_of_pop                         text32       004B5A
__end_of_pop_t                       text36       0049A6
__end_of_precedence                  text31       0045A2
__end_of_push                        text30       004B34
__end_of_push_t                      text35       004A80
__end_of_putch                       text21       004B8A
__end_of_read_prec_or_width          text5        004314
__end_of_sprintf                     text2        004844
__end_of_strcpy                      text8        0048FE
__end_of_strlen                      text1        004A4A
__end_of_vfpfcnvrt                   text4        0030B2
__end_of_vfprintf                    text3        004884
__initialization                     cinit        004670
__mediumconst                        mediumconst  000000
__pbssBANK0                          bssBANK0     0000EC
__pbssBANK1                          bssBANK1     000100
__pbssBANK2                          bssBANK2     000200
__pbssCOMRAM                         bssCOMRAM    00007F
__pcinit                             cinit        004670
__pcstackBANK0                       cstackBANK0  000080
__pcstackCOMRAM                      cstackCOMRAM 000001
__pdataBANK0                         dataBANK0    0000FF
__pdataBANK1                         dataBANK1    00016F
__pidataBANK0                        idataBANK0   004B8A
__pidataBANK1                        idataBANK1   0049DE
__psmallconst                        smallconst   001000
__ptext0                             text0        001EB0
__ptext1                             text1        004A14
__ptext10                            text10       0046D2
__ptext11                            text11       0030B2
__ptext12                            text12       003D3C
__ptext13                            text13       003B32
__ptext14                            text14       0048FE
__ptext15                            text15       003C38
__ptext16                            text16       00411C
__ptext17                            text17       003648
__ptext18                            text18       00460A
__ptext19                            text19       004884
__ptext2                             text2        004804
__ptext20                            text20       003EFE
__ptext21                            text21       004B88
__ptext22                            text22       004A80
__ptext23                            text23       00406C
__ptext24                            text24       003E3A
__ptext25                            text25       004936
__ptext26                            text26       004778
__ptext27                            text27       003A2A
__ptext28                            text28       003FB8
__ptext29                            text29       0032C4
__ptext3                             text3        004844
__ptext30                            text30       004B0E
__ptext31                            text31       004536
__ptext32                            text32       004B34
__ptext33                            text33       004B5A
__ptext34                            text34       002AF0
__ptext35                            text35       004A4A
__ptext36                            text36       00496E
__ptext37                            text37       004B6E
__ptext38                            text38       0037C2
__ptext39                            text39       0047BE
__ptext4                             text4        002E2E
__ptext40                            text40       0019F0
__ptext41                            text41       00232C
__ptext42                            text42       002756
__ptext43                            text43       0049A6
__ptext44                            text44       003494
__ptext45                            text45       0043B4
__ptext46                            text46       004314
__ptext47                            text47       0041C6
__ptext48                            text48       004452
__ptext49                            text49       0044C4
__ptext5                             text5        00426E
__ptext50                            text50       0045A2
__ptext51                            text51       004AB4
__ptext52                            text52       0038FE
__ptext53                            text53       004B82
__ptext6                             text6        004AE8
__ptext7                             text7        001030
__ptext8                             text8        0048C4
__ptext9                             text9        004728
__ramtop                             ramtop       001000
__smallconst                         smallconst   001000
_abs                                 text22       004A80
_application_initialize              text53       004B82
_arr                                 bssBANK1     000160
_btn_values                          smallconst   001001
_calcState                           bssBANK0     0000F3
_calculation_start                   text45       0043B4
_check_digit                         text43       0049A6
_dbuf                                bssBANK1     000110
_doMath                              text38       0037C2
_dtoa                                text17       003648
_dtoa$1486                           cstackCOMRAM 00001A
_ecu_layer_initialize                                   
_efgtoa                              text7        001030
_efgtoa$1517                         cstackCOMRAM 00004E
_equal_flag                          bssBANK0     0000F4
_evaluatePostfix                     text34       002AF0
_flag                                bssBANK0     0000F6
_flags                               bssBANK0     0000F2
_floorf                              text11       0030B2
_fputc                               text20       003EFE
_fputs                               text19       004884
_gpio_pin_read_logic                 text28       003FB8
_gpio_pin_write_logic                text52       0038FE
_infix                               bssBANK2     000264
_infixToPostfix                      text29       0032C4
_initialize                          text33       004B5A
_initialize_t                        text37       004B6E
_keypad_get_value                    text27       003A2A
_labs                                text10       0046D2
_lat_registers                       dataBANK1    000179
_lcd_4bit_send_char_data             text49       0044C4
_lcd_4bit_send_char_data_pos         text26       004778
_lcd_4bit_send_command               text48       004452
_lcd_4bit_send_enable_signal         text51       004AB4
_lcd_4bit_send_string_pos            text46       004314
_lcd_4bit_set_cursor                 text47       0041C6
_lcd_send_4bits                      text50       0045A2
_main                                text0        001EB0
_memcpy                              text9        004728
_memset                              text25       004936
_my_lcd                              dataBANK1    00019F
_num_1                               bssBANK1     00010C
_op                                  bssBANK0     0000F0
_operators                           dataBANK1    00018D
_pad                                 text18       00460A
_pad1                                dataBANK1    000195
_pop                                 text32       004B34
_pop_t                               text36       00496E
_port_registers                      dataBANK1    00016F
_pos                                 dataBANK0    0000FF
_postfix                             bssBANK2     000200
_prec                                bssBANK0     0000EE
_precedence                          text31       004536
_previousResult                      bssBANK1     000108
_push                                text30       004B0E
_push_t                              text35       004A4A
_putch                               text21       004B88
_read_prec_or_width                  text5        00426E
_res_counter                         bssBANK0     0000F5
_result                              bssBANK1     00016B
_sprintf                             text2        004804
_start_flag                          bssBANK0     0000F7
_strcpy                              text8        0048C4
_strlen                              text1        004A14
_tris_registers                      dataBANK1    000183
_val                                 bssBANK0     0000FE
_vfpfcnvrt                           text4        002E2E
_vfprintf                            text3        004844
_width                               bssBANK0     0000EC
abs@a                                cstackCOMRAM 000007
calculation_start@i                  cstackCOMRAM 000024
calculation_start@ret                cstackCOMRAM 000023
calculation_start@value              cstackCOMRAM 000021
check_digit@c                        cstackCOMRAM 000003
doMath@op                            cstackCOMRAM 000048
doMath@op1                           cstackCOMRAM 000040
doMath@op2                           cstackCOMRAM 000044
dtoa@d                               cstackCOMRAM 000018
dtoa@fp                              cstackCOMRAM 000017
dtoa@i                               cstackCOMRAM 000021
dtoa@p                               cstackCOMRAM 00001E
dtoa@s                               cstackCOMRAM 000020
dtoa@w                               cstackCOMRAM 00001C
efgtoa@c                             cstackCOMRAM 000045
efgtoa@d                             cstackCOMRAM 000053
efgtoa@e                             cstackCOMRAM 000057
efgtoa@f                             cstackCOMRAM 000041
efgtoa@fp                            cstackCOMRAM 000040
efgtoa@g                             cstackCOMRAM 00006A
efgtoa@h                             cstackCOMRAM 000061
efgtoa@i                             cstackCOMRAM 00005F
efgtoa@l                             cstackCOMRAM 000065
efgtoa@m                             cstackCOMRAM 000055
efgtoa@mode                          cstackCOMRAM 000051
efgtoa@n                             cstackCOMRAM 00006E
efgtoa@ne                            cstackCOMRAM 000048
efgtoa@nmode                         cstackCOMRAM 000052
efgtoa@ou                            cstackCOMRAM 00005B
efgtoa@p                             cstackCOMRAM 00004A
efgtoa@pp                            cstackCOMRAM 000050
efgtoa@sign                          cstackCOMRAM 000069
efgtoa@t                             cstackCOMRAM 00004C
efgtoa@u                             cstackCOMRAM 000070
efgtoa@w                             cstackCOMRAM 000059
end_of_initialization                cinit        0046C8
evaluatePostfix@current              cstackBANK0  000092
evaluatePostfix@fractionalMultiplier cstackBANK0  00008A
evaluatePostfix@i                    cstackBANK0  0000E5
evaluatePostfix@isFractional         cstackBANK0  000088
evaluatePostfix@num                  cstackBANK0  00008E
evaluatePostfix@operand1             cstackBANK0  000084
evaluatePostfix@operand2             cstackBANK0  000080
evaluatePostfix@operandStack         cstackBANK0  000093
evaluatePostfix@postfix              cstackCOMRAM 000050
evaluatePostfix@result               cstackCOMRAM 000052
floorf@F521                          bssBANK1     000100
floorf@e                             cstackCOMRAM 000028
floorf@m                             cstackCOMRAM 000024
floorf@u                             cstackCOMRAM 00002A
floorf@x                             cstackCOMRAM 00001A
fputc@c                              cstackCOMRAM 000001
fputc@fp                             cstackCOMRAM 000003
fputs@c                              cstackCOMRAM 00000C
fputs@fp                             cstackCOMRAM 00000B
fputs@i                              cstackCOMRAM 00000D
fputs@s                              cstackCOMRAM 000009
gpio_pin_read_logic@_pin_config      cstackCOMRAM 000001
gpio_pin_read_logic@logic            cstackCOMRAM 000003
gpio_pin_read_logic@ret              cstackCOMRAM 000009
gpio_pin_write_logic@_pin_config     cstackCOMRAM 000001
gpio_pin_write_logic@logic           cstackCOMRAM 000003
gpio_pin_write_logic@ret             cstackCOMRAM 00000A
infixToPostfix@current               cstackCOMRAM 00000C
infixToPostfix@i                     cstackCOMRAM 00000D
infixToPostfix@infix                 cstackCOMRAM 000005
infixToPostfix@j                     cstackCOMRAM 00000F
infixToPostfix@operatorStack         cstackCOMRAM 000011
infixToPostfix@postfix               cstackCOMRAM 000007
initialize@stack                     cstackCOMRAM 000001
initialize_t@stack                   cstackCOMRAM 000001
intlevel0                            text         000000
intlevel1                            text         000000
intlevel2                            text         000000
intlevel3                            text         000000
isa$std                              (abs)        000001
isa$xinst                            (abs)        000000
keypad_get_value@_keypad_obj         cstackCOMRAM 00000B
keypad_get_value@column_logic        cstackCOMRAM 000011
keypad_get_value@l_columns_counter   cstackCOMRAM 000014
keypad_get_value@l_counter           cstackCOMRAM 000012
keypad_get_value@l_rows_counter      cstackCOMRAM 000013
keypad_get_value@ret                 cstackCOMRAM 000010
keypad_get_value@value               cstackCOMRAM 00000D
labs@a                               cstackCOMRAM 000001
lcd_4bit_send_char_data@data         cstackCOMRAM 000011
lcd_4bit_send_char_data@lcd          cstackCOMRAM 00000F
lcd_4bit_send_char_data@ret          cstackCOMRAM 000012
lcd_4bit_send_char_data_pos@column   cstackCOMRAM 00001D
lcd_4bit_send_char_data_pos@data     cstackCOMRAM 00001E
lcd_4bit_send_char_data_pos@lcd      cstackCOMRAM 00001A
lcd_4bit_send_char_data_pos@ret      cstackCOMRAM 00001F
lcd_4bit_send_char_data_pos@row      cstackCOMRAM 00001C
lcd_4bit_send_command@command        cstackCOMRAM 000011
lcd_4bit_send_command@lcd            cstackCOMRAM 00000F
lcd_4bit_send_command@ret            cstackCOMRAM 000012
lcd_4bit_send_enable_signal@lcd      cstackCOMRAM 00000B
lcd_4bit_send_enable_signal@ret      cstackCOMRAM 00000D
lcd_4bit_send_string_pos@column      cstackCOMRAM 00001D
lcd_4bit_send_string_pos@lcd         cstackCOMRAM 00001A
lcd_4bit_send_string_pos@ret         cstackCOMRAM 000020
lcd_4bit_send_string_pos@row         cstackCOMRAM 00001C
lcd_4bit_send_string_pos@str         cstackCOMRAM 00001E
lcd_4bit_set_cursor@coulmn           cstackCOMRAM 000016
lcd_4bit_set_cursor@lcd              cstackCOMRAM 000013
lcd_4bit_set_cursor@ret              cstackCOMRAM 000019
lcd_4bit_set_cursor@row              cstackCOMRAM 000015
lcd_send_4bits@_data_command         cstackCOMRAM 00000D
lcd_send_4bits@lcd                   cstackCOMRAM 00000B
lcd_send_4bits@ret                   cstackCOMRAM 00000E
led_initialize@F3058                 bssCOMRAM    00007F
led_turn_off@F3068                   bssBANK0     0000FC
led_turn_on@F3063                    bssBANK0     0000FD
led_turn_toggle@F3073                bssBANK0     0000FB
main@i                               cstackBANK0  0000E9
main@i_853                           cstackBANK0  0000EB
memcpy@d                             cstackCOMRAM 000008
memcpy@d1                            cstackCOMRAM 000001
memcpy@n                             cstackCOMRAM 000005
memcpy@s                             cstackCOMRAM 00000A
memcpy@s1                            cstackCOMRAM 000003
memcpy@tmp                           cstackCOMRAM 000007
memset@c                             cstackCOMRAM 000003
memset@dest                          cstackCOMRAM 000001
memset@n                             cstackCOMRAM 000005
memset@p                             cstackCOMRAM 000007
pad@buf                              cstackCOMRAM 000010
pad@fp                               cstackCOMRAM 00000F
pad@i                                cstackCOMRAM 000015
pad@p                                cstackCOMRAM 000012
pop@stack                            cstackCOMRAM 000001
pop_t@stack                          cstackCOMRAM 000001
precedence@op                        cstackCOMRAM 000003
push@c                               cstackCOMRAM 000002
push@stack                           cstackCOMRAM 000001
push_t@c                             cstackCOMRAM 00004A
push_t@stack                         cstackCOMRAM 000049
read_prec_or_width@ap                cstackCOMRAM 000008
read_prec_or_width@c                 cstackCOMRAM 000009
read_prec_or_width@fmt               cstackCOMRAM 000007
read_prec_or_width@n                 cstackCOMRAM 00000A
relay_initialize@F3052               bssBANK0     0000FA
relay_turn_off@F3062                 bssBANK0     0000F8
relay_turn_on@F3057                  bssBANK0     0000F9
sprintf@ap                           cstackBANK0  00008B
sprintf@f                            cstackBANK0  00008C
sprintf@fmt                          cstackBANK0  000086
sprintf@s                            cstackBANK0  000084
stackhi                              (abs)        000000
stacklo                              (abs)        000000
start                                init         000000
start_initialization                 cinit        004670
strcpy@d                             cstackCOMRAM 000005
strcpy@dest                          cstackCOMRAM 000001
strcpy@src                           cstackCOMRAM 000003
strlen@a                             cstackCOMRAM 000003
strlen@s                             cstackCOMRAM 000001
vfpfcnvrt@ap                         cstackCOMRAM 000076
vfpfcnvrt@c                          cstackCOMRAM 00007D
vfpfcnvrt@convarg                    cstackCOMRAM 000079
vfpfcnvrt@cp                         cstackCOMRAM 00007E
vfpfcnvrt@fmt                        cstackCOMRAM 000075
vfpfcnvrt@fp                         cstackCOMRAM 000074
vfprintf@ap                          cstackBANK0  000082
vfprintf@cfmt                        cstackBANK0  000083
vfprintf@fmt                         cstackBANK0  000081
vfprintf@fp                          cstackBANK0  000080
